C51 COMPILER V9.54   ULTRA_DRIVER                                                          01/12/2020 23:51:11 PAGE 1   


C51 COMPILER V9.54, COMPILATION OF MODULE ULTRA_DRIVER
OBJECT MODULE PLACED IN .\Objects\ultra_driver.obj
COMPILER INVOKED BY: C:\Keil_v5\C51\BIN\C51.EXE ultra_driver.c OPTIMIZE(8,SPEED) BROWSE DEBUG OBJECTEXTEND PRINT(.\Listi
                    -ngs\ultra_driver.lst) TABS(2) OBJECT(.\Objects\ultra_driver.obj)

line level    source

   1          #include <reg51.h>
   2          #include <intrins.h>
   3          #include "header.h"
   4          
   5          sfr16 DPTR=0x82;
   6           
   7          sbit trig=P2^4;
   8          sbit echo=P2^5;
   9          
  10          u16 range=0;
  11          s8 i=10;
  12          
  13          void send_pulse() 
  14          {
  15   1        
  16   1       TH0=0x00;TL0=0x00; 
  17   1       trig=1;
  18   1      i--; i--; i--; i--; i--; 
  19   1      i--; i--; i--; i--; i--;
  20   1        trig=0;
  21   1      }
  22          
  23          
  24          u8 ultrasonic()
  25          {
  26   1       u8 get;
  27   1       send_pulse();
  28   1       
  29   1        while(!echo);
  30   1       while(echo);
  31   1       
  32   1        DPH=TH0;
  33   1       DPL=TL0;
  34   1       TH0=TL0=0xff;
  35   1       if(DPTR<38000)
  36   1       get=DPTR/59;
  37   1       else
  38   1       get=0;
  39   1       
  40   1       return get;
  41   1      }
  42          
  43          
  44          
  45          
  46          void get_range()
  47          {
  48   1       TMOD=0x01;
  49   1       TH0=TL0=0;
  50   1       TR0=1;
  51   1       lcd_string("DIS");
  52   1       P3|=(1<<2);
  53   1      
  54   1          lcd_cmd(0x1);
C51 COMPILER V9.54   ULTRA_DRIVER                                                          01/12/2020 23:51:11 PAGE 2   

  55   1          range=ultrasonic();
  56   1          lcd_integer(range);
  57   1      
  58   1      }


MODULE INFORMATION:   STATIC OVERLAYABLE
   CODE SIZE        =    131    ----
   CONSTANT SIZE    =      4    ----
   XDATA SIZE       =   ----    ----
   PDATA SIZE       =   ----    ----
   DATA SIZE        =      3       1
   IDATA SIZE       =   ----    ----
   BIT SIZE         =   ----    ----
END OF MODULE INFORMATION.


C51 COMPILATION COMPLETE.  0 WARNING(S),  0 ERROR(S)
